Archive member included to satisfy reference by file (symbol)

c:/program files (x86)/gnu tools arm embedded/6 2017-q2-update/bin/../lib/gcc/arm-none-eabi/6.3.1/../../../../arm-none-eabi/lib/thumb/v7e-m\libm.a(lib_a-s_atan.o)
                              ..\obj\localization.o (atan)
c:/program files (x86)/gnu tools arm embedded/6 2017-q2-update/bin/../lib/gcc/arm-none-eabi/6.3.1/../../../../arm-none-eabi/lib/thumb/v7e-m\libm.a(lib_a-s_cos.o)
                              ..\obj\localization.o (cos)
c:/program files (x86)/gnu tools arm embedded/6 2017-q2-update/bin/../lib/gcc/arm-none-eabi/6.3.1/../../../../arm-none-eabi/lib/thumb/v7e-m\libm.a(lib_a-s_fabs.o)
                              c:/program files (x86)/gnu tools arm embedded/6 2017-q2-update/bin/../lib/gcc/arm-none-eabi/6.3.1/../../../../arm-none-eabi/lib/thumb/v7e-m\libm.a(lib_a-s_atan.o) (fabs)
c:/program files (x86)/gnu tools arm embedded/6 2017-q2-update/bin/../lib/gcc/arm-none-eabi/6.3.1/../../../../arm-none-eabi/lib/thumb/v7e-m\libm.a(lib_a-s_sin.o)
                              ..\obj\localization.o (sin)
c:/program files (x86)/gnu tools arm embedded/6 2017-q2-update/bin/../lib/gcc/arm-none-eabi/6.3.1/../../../../arm-none-eabi/lib/thumb/v7e-m\libm.a(lib_a-e_rem_pio2.o)
                              c:/program files (x86)/gnu tools arm embedded/6 2017-q2-update/bin/../lib/gcc/arm-none-eabi/6.3.1/../../../../arm-none-eabi/lib/thumb/v7e-m\libm.a(lib_a-s_cos.o) (__ieee754_rem_pio2)
c:/program files (x86)/gnu tools arm embedded/6 2017-q2-update/bin/../lib/gcc/arm-none-eabi/6.3.1/../../../../arm-none-eabi/lib/thumb/v7e-m\libm.a(lib_a-k_cos.o)
                              c:/program files (x86)/gnu tools arm embedded/6 2017-q2-update/bin/../lib/gcc/arm-none-eabi/6.3.1/../../../../arm-none-eabi/lib/thumb/v7e-m\libm.a(lib_a-s_cos.o) (__kernel_cos)
c:/program files (x86)/gnu tools arm embedded/6 2017-q2-update/bin/../lib/gcc/arm-none-eabi/6.3.1/../../../../arm-none-eabi/lib/thumb/v7e-m\libm.a(lib_a-k_rem_pio2.o)
                              c:/program files (x86)/gnu tools arm embedded/6 2017-q2-update/bin/../lib/gcc/arm-none-eabi/6.3.1/../../../../arm-none-eabi/lib/thumb/v7e-m\libm.a(lib_a-e_rem_pio2.o) (__kernel_rem_pio2)
c:/program files (x86)/gnu tools arm embedded/6 2017-q2-update/bin/../lib/gcc/arm-none-eabi/6.3.1/../../../../arm-none-eabi/lib/thumb/v7e-m\libm.a(lib_a-k_sin.o)
                              c:/program files (x86)/gnu tools arm embedded/6 2017-q2-update/bin/../lib/gcc/arm-none-eabi/6.3.1/../../../../arm-none-eabi/lib/thumb/v7e-m\libm.a(lib_a-s_cos.o) (__kernel_sin)
c:/program files (x86)/gnu tools arm embedded/6 2017-q2-update/bin/../lib/gcc/arm-none-eabi/6.3.1/../../../../arm-none-eabi/lib/thumb/v7e-m\libm.a(lib_a-s_floor.o)
                              c:/program files (x86)/gnu tools arm embedded/6 2017-q2-update/bin/../lib/gcc/arm-none-eabi/6.3.1/../../../../arm-none-eabi/lib/thumb/v7e-m\libm.a(lib_a-k_rem_pio2.o) (floor)
c:/program files (x86)/gnu tools arm embedded/6 2017-q2-update/bin/../lib/gcc/arm-none-eabi/6.3.1/../../../../arm-none-eabi/lib/thumb/v7e-m\libm.a(lib_a-s_scalbn.o)
                              c:/program files (x86)/gnu tools arm embedded/6 2017-q2-update/bin/../lib/gcc/arm-none-eabi/6.3.1/../../../../arm-none-eabi/lib/thumb/v7e-m\libm.a(lib_a-k_rem_pio2.o) (scalbn)
c:/program files (x86)/gnu tools arm embedded/6 2017-q2-update/bin/../lib/gcc/arm-none-eabi/6.3.1/../../../../arm-none-eabi/lib/thumb/v7e-m\libm.a(lib_a-s_copysign.o)
                              c:/program files (x86)/gnu tools arm embedded/6 2017-q2-update/bin/../lib/gcc/arm-none-eabi/6.3.1/../../../../arm-none-eabi/lib/thumb/v7e-m\libm.a(lib_a-s_scalbn.o) (copysign)
c:/program files (x86)/gnu tools arm embedded/6 2017-q2-update/bin/../lib/gcc/arm-none-eabi/6.3.1/thumb/v7e-m\libgcc.a(_arm_addsubdf3.o)
                              c:/program files (x86)/gnu tools arm embedded/6 2017-q2-update/bin/../lib/gcc/arm-none-eabi/6.3.1/../../../../arm-none-eabi/lib/thumb/v7e-m\libm.a(lib_a-s_atan.o) (__aeabi_dsub)
c:/program files (x86)/gnu tools arm embedded/6 2017-q2-update/bin/../lib/gcc/arm-none-eabi/6.3.1/thumb/v7e-m\libgcc.a(_arm_muldivdf3.o)
                              ..\obj\speed_control.o (__aeabi_dmul)
c:/program files (x86)/gnu tools arm embedded/6 2017-q2-update/bin/../lib/gcc/arm-none-eabi/6.3.1/thumb/v7e-m\libgcc.a(_arm_cmpdf2.o)
                              c:/program files (x86)/gnu tools arm embedded/6 2017-q2-update/bin/../lib/gcc/arm-none-eabi/6.3.1/../../../../arm-none-eabi/lib/thumb/v7e-m\libm.a(lib_a-e_rem_pio2.o) (__aeabi_dcmpeq)
c:/program files (x86)/gnu tools arm embedded/6 2017-q2-update/bin/../lib/gcc/arm-none-eabi/6.3.1/thumb/v7e-m\libgcc.a(_arm_fixdfsi.o)
                              ..\obj\speed_control.o (__aeabi_d2iz)
c:/program files (x86)/gnu tools arm embedded/6 2017-q2-update/bin/../lib/gcc/arm-none-eabi/6.3.1/thumb/v7e-m\libgcc.a(_arm_truncdfsf2.o)
[...]
Memory Configuration

Name             Origin             Length             Attributes
rom              0x08000000         0x00100000         xr
ram              0x20000000         0x00020000         xrw
ram1             0x10000000         0x00010000         xrw
*default*        0x00000000         0xffffffff

Linker script and memory map

                0x20020000                _eram = 0x20020000

.text           0x08000000     0x6218
 *(.isr_vector)
 .isr_vector    0x08000000      0x188 ..\obj\startup_stm32f4xx.o
                0x08000000                g_pfnVectors
 *(.text*)
 .text.init_USART
                0x08000188       0xc8 ..\obj\uart_node.o
                0x08000188                init_USART
 .text.USART2_IRQHandler
                0x08000250       0x90 ..\obj\uart_node.o
                0x08000250                USART2_IRQHandler
 .text.init_node
                0x080002e0        0xc ..\obj\uart_node.o
                0x080002e0                init_node
 .text.SYSCFG_EXTILineConfig
                0x080002ec       0x84 ..\obj\stm32f4xx_syscfg.o
                0x080002ec                SYSCFG_EXTILineConfig
 .text.USART_DeInit
                0x08000370       0xd4 ..\obj\stm32f4xx_usart.o
                0x08000370                USART_DeInit
 .text.USART_Init
                0x08000444      0x174 ..\obj\stm32f4xx_usart.o
                0x08000444                USART_Init
 .text.USART_Cmd
                0x080005b8       0x3e ..\obj\stm32f4xx_usart.o
                0x080005b8                USART_Cmd
 .text.USART_ReceiveData
                0x080005f6       0x1e ..\obj\stm32f4xx_usart.o
                0x080005f6                USART_ReceiveData
 .text.USART_ITConfig
                0x08000614       0x8e ..\obj\stm32f4xx_usart.o
                0x08000614                USART_ITConfig
 .text.USART_GetITStatus
                0x080006a2       0xb4 ..\obj\stm32f4xx_usart.o
                0x080006a2                USART_GetITStatus
 *fill*         0x08000756        0x2 
 .text.Default_Reset_Handler
                0x08000758       0x60 ..\obj\startup_stm32f4xx.o
                0x08000758                Default_Reset_Handler
                0x08000758                Reset_Handler
 .text.Default_Handler
                0x080007b8        0x6 ..\obj\startup_stm32f4xx.o
                0x080007b8                RTC_Alarm_IRQHandler
                0x080007b8                HASH_RNG_IRQHandler
                0x080007b8                TIM8_CC_IRQHandler
                0x080007b8                DebugMon_Handler
                0x080007b8                TIM1_CC_IRQHandler
                0x080007b8                DMA2_Stream5_IRQHandler
                0x080007b8                HardFault_Handler
                0x080007b8                DMA1_Stream5_IRQHandler
                0x080007b8                PVD_IRQHandler
                0x080007b8                SDIO_IRQHandler
                0x080007b8                TAMP_STAMP_IRQHandler
                0x080007b8                PendSV_Handler
                0x080007b8                NMI_Handler
                0x080007b8                CAN2_RX1_IRQHandler
                0x080007b8                TIM8_TRG_COM_TIM14_IRQHandler
                0x080007b8                TIM1_UP_TIM10_IRQHandler
                0x080007b8                TIM8_UP_TIM13_IRQHandler
                0x080007b8                I2C3_ER_IRQHandler
                0x080007b8                I2C2_EV_IRQHandler
                0x080007b8                DMA1_Stream2_IRQHandler
                0x080007b8                CAN1_RX0_IRQHandler
                0x080007b8                FPU_IRQHandler
                0x080007b8                OTG_HS_WKUP_IRQHandler
                0x080007b8                UsageFault_Handler
                0x080007b8                CAN2_SCE_IRQHandler
                0x080007b8                DMA2_Stream2_IRQHandler
                0x080007b8                SPI1_IRQHandler
                0x080007b8                TIM6_DAC_IRQHandler
                0x080007b8                TIM1_BRK_TIM9_IRQHandler
                0x080007b8                DCMI_IRQHandler
                0x080007b8                CAN2_RX0_IRQHandler
                0x080007b8                DMA2_Stream3_IRQHandler
                0x080007b8                USART6_IRQHandler
                0x080007b8                CRYP_IRQHandler
                0x080007b8                CAN1_RX1_IRQHandler
                0x080007b8                UART5_IRQHandler
                0x080007b8                DMA2_Stream0_IRQHandler
                0x080007b8                TIM4_IRQHandler
                0x080007b8                I2C1_EV_IRQHandler
                0x080007b8                DMA1_Stream6_IRQHandler
                0x080007b8                DMA1_Stream1_IRQHandler
                0x080007b8                TIM3_IRQHandler
                0x080007b8                RCC_IRQHandler
                0x080007b8                TIM8_BRK_TIM12_IRQHandler
                0x080007b8                EXTI15_10_IRQHandler
                0x080007b8                ADC_IRQHandler
                0x080007b8                DMA1_Stream7_IRQHandler
                0x080007b8                TIM7_IRQHandler
                0x080007b8                CAN2_TX_IRQHandler
                0x080007b8                DMA2_Stream7_IRQHandler
                0x080007b8                I2C3_EV_IRQHandler
                0x080007b8                RTC_WKUP_IRQHandler
                0x080007b8                ETH_WKUP_IRQHandler
                0x080007b8                SPI2_IRQHandler
                0x080007b8                OTG_HS_EP1_IN_IRQHandler
                0x080007b8                MemManage_Handler
                0x080007b8                DMA1_Stream0_IRQHandler
                0x080007b8                CAN1_TX_IRQHandler
                0x080007b8                SVC_Handler
                0x080007b8                FSMC_IRQHandler
                0x080007b8                ETH_IRQHandler
                0x080007b8                OTG_HS_EP1_OUT_IRQHandler
                0x080007b8                WWDG_IRQHandler
                0x080007b8                OTG_FS_WKUP_IRQHandler
                0x080007b8                TIM1_TRG_COM_TIM11_IRQHandler
                0x080007b8                OTG_HS_IRQHandler
                0x080007b8                I2C2_ER_IRQHandler
                0x080007b8                DMA2_Stream1_IRQHandler
                0x080007b8                CAN1_SCE_IRQHandler
                0x080007b8                FLASH_IRQHandler
                0x080007b8                DMA2_Stream4_IRQHandler
                0x080007b8                BusFault_Handler
                0x080007b8                USART1_IRQHandler
                0x080007b8                OTG_FS_IRQHandler
                0x080007b8                SPI3_IRQHandler
                0x080007b8                DMA1_Stream4_IRQHandler
                0x080007b8                I2C1_ER_IRQHandler
                0x080007b8                DMA2_Stream6_IRQHandler
                0x080007b8                DMA1_Stream3_IRQHandler
 *fill*         0x080007be        0x2 
 .text.TM_TIMER_Init
                0x080007c0       0x44 ..\obj\pwm_motor.o
                0x080007c0                TM_TIMER_Init
 .text.TM_TIMER_Init_penendang
                0x08000804       0x44 ..\obj\pwm_motor.o
                0x08000804                TM_TIMER_Init_penendang
 .text.init_pwm
                0x08000848       0x88 ..\obj\pwm_motor.o
                0x08000848                init_pwm
 .text.init_pwm_penendang
                0x080008d0       0x88 ..\obj\pwm_motor.o
                0x080008d0                init_pwm_penendang
 .text.init_motor
                0x08000958       0xbc ..\obj\pwm_motor.o
                0x08000958                init_motor
 .text.init_motor_penendang
                0x08000a14       0xa0 ..\obj\pwm_motor.o
                0x08000a14                init_motor_penendang
 .text.motorDC  0x08000ab4      0x138 ..\obj\pwm_motor.o
                0x08000ab4                motorDC
 .text.penendang
                0x08000bec       0x68 ..\obj\pwm_motor.o
                0x08000bec                penendang
 .text.main     0x08000c54       0x46 ..\obj\main.o
                0x08000c54                main
 *fill*         0x08000c9a        0x2 
 .text.RCC_HSEConfig
                0x08000c9c       0x24 ..\obj\stm32f4xx_rcc.o
                0x08000c9c                RCC_HSEConfig
 .text.RCC_WaitForHSEStartUp
                0x08000cc0       0x50 ..\obj\stm32f4xx_rcc.o
                0x08000cc0                RCC_WaitForHSEStartUp
 .text.RCC_GetClocksFreq
                0x08000d10      0x150 ..\obj\stm32f4xx_rcc.o
                0x08000d10                RCC_GetClocksFreq
 .text.RCC_AHB1PeriphClockCmd
                0x08000e60       0x3c ..\obj\stm32f4xx_rcc.o
                0x08000e60                RCC_AHB1PeriphClockCmd
 .text.RCC_APB1PeriphClockCmd
                0x08000e9c       0x3c ..\obj\stm32f4xx_rcc.o
                0x08000e9c                RCC_APB1PeriphClockCmd
 .text.RCC_APB2PeriphClockCmd
                0x08000ed8       0x3c ..\obj\stm32f4xx_rcc.o
                0x08000ed8                RCC_APB2PeriphClockCmd
 .text.RCC_APB1PeriphResetCmd
                0x08000f14       0x3c ..\obj\stm32f4xx_rcc.o
                0x08000f14                RCC_APB1PeriphResetCmd
 .text.RCC_APB2PeriphResetCmd
                0x08000f50       0x3c ..\obj\stm32f4xx_rcc.o
                0x08000f50                RCC_APB2PeriphResetCmd
 .text.RCC_GetFlagStatus
                0x08000f8c       0x74 ..\obj\stm32f4xx_rcc.o
                0x08000f8c                RCC_GetFlagStatus
 .text.PutChar  0x08001000       0x1e ..\obj\printf.o
                0x08001000                PutChar
 .text.PutString
                0x0800101e       0x3a ..\obj\printf.o
                0x0800101e                PutString
 .text.PutUnsignedInt
                0x08001058       0x9c ..\obj\printf.o
                0x08001058                PutUnsignedInt
 .text.PutSignedInt
                0x080010f4       0xf8 ..\obj\printf.o
                0x080010f4                PutSignedInt
 .text.PutHexa  0x080011ec       0xd4 ..\obj\printf.o
                0x080011ec                PutHexa
 .text.vsnprintf
                0x080012c0      0x254 ..\obj\printf.o
                0x080012c0                vsnprintf
 .text.vsprintf
                0x08001514       0x22 ..\obj\printf.o
                0x08001514                vsprintf
 .text.sprintf  0x08001536       0x2c ..\obj\printf.o
                0x08001536                sprintf
 *fill*         0x08001562        0x2 
 .text.TM_RE_Init
                0x08001564       0xa8 ..\obj\tm_stm32f4_rotary_encoder.o
                0x08001564                TM_RE_Init
 .text.InitSecondEncoder
                0x0800160c       0xa8 ..\obj\tm_stm32f4_rotary_encoder.o
                0x0800160c                InitSecondEncoder
 .text.InitThirdEncoder
                0x080016b4       0xa8 ..\obj\tm_stm32f4_rotary_encoder.o
                0x080016b4                InitThirdEncoder
 .text.InitFourthEncoder
                0x0800175c       0xa8 ..\obj\tm_stm32f4_rotary_encoder.o
                0x0800175c                InitFourthEncoder
 .text.InitKickerEncoder
                0x08001804       0xb0 ..\obj\tm_stm32f4_rotary_encoder.o
                0x08001804                InitKickerEncoder
 .text.TM_RE_Get
                0x080018b4       0x58 ..\obj\tm_stm32f4_rotary_encoder.o
                0x080018b4                TM_RE_Get
 .text.SecondGet
                0x0800190c       0x58 ..\obj\tm_stm32f4_rotary_encoder.o
                0x0800190c                SecondGet
 .text.ThirdGet
                0x08001964       0x58 ..\obj\tm_stm32f4_rotary_encoder.o
                0x08001964                ThirdGet
 .text.FourthGet
                0x080019bc       0x58 ..\obj\tm_stm32f4_rotary_encoder.o
                0x080019bc                FourthGet
 .text.KickerGet
                0x08001a14       0x58 ..\obj\tm_stm32f4_rotary_encoder.o
                0x08001a14                KickerGet
 .text.TM_RE_Process
                0x08001a6c       0x68 ..\obj\tm_stm32f4_rotary_encoder.o
                0x08001a6c                TM_RE_Process
 .text.SecondProcess
                0x08001ad4       0x68 ..\obj\tm_stm32f4_rotary_encoder.o
                0x08001ad4                SecondProcess
 .text.ThirdProcess
                0x08001b3c       0x68 ..\obj\tm_stm32f4_rotary_encoder.o
                0x08001b3c                ThirdProcess
 .text.FourthProcess
                0x08001ba4       0x68 ..\obj\tm_stm32f4_rotary_encoder.o
                0x08001ba4                FourthProcess
 .text.FifthProcess
                0x08001c0c       0x68 ..\obj\tm_stm32f4_rotary_encoder.o
                0x08001c0c                FifthProcess
 .text.KickerProcess
                0x08001c74       0x6c ..\obj\tm_stm32f4_rotary_encoder.o
                0x08001c74                KickerProcess
 .text.EXTI0_IRQHandler
                0x08001ce0       0x1e ..\obj\tm_stm32f4_rotary_encoder.o
                0x08001ce0                EXTI0_IRQHandler
 .text.EXTI1_IRQHandler
                0x08001cfe       0x1e ..\obj\tm_stm32f4_rotary_encoder.o
                0x08001cfe                EXTI1_IRQHandler
 .text.EXTI2_IRQHandler
                0x08001d1c       0x1e ..\obj\tm_stm32f4_rotary_encoder.o
                0x08001d1c                EXTI2_IRQHandler
 .text.EXTI3_IRQHandler
                0x08001d3a       0x1e ..\obj\tm_stm32f4_rotary_encoder.o
                0x08001d3a                EXTI3_IRQHandler
 .text.EXTI4_IRQHandler
                0x08001d58       0x1e ..\obj\tm_stm32f4_rotary_encoder.o
                0x08001d58                EXTI4_IRQHandler
 .text.EXTI9_5_IRQHandler
                0x08001d76       0x22 ..\obj\tm_stm32f4_rotary_encoder.o
                0x08001d76                EXTI9_5_IRQHandler
 .text.NVIC_SetPriority
                0x08001d98       0x54 ..\obj\tm_stm32f4_delay.o
 .text.SysTick_Config
                0x08001dec       0x44 ..\obj\tm_stm32f4_delay.o
 .text.Delayms  0x08001e30       0x30 ..\obj\tm_stm32f4_delay.o
                0x08001e30                Delayms
 .text.SysTick_Handler
                0x08001e60       0x48 ..\obj\tm_stm32f4_delay.o
                0x08001e60                SysTick_Handler
 .text.TM_DELAY_Init
                0x08001ea8       0x50 ..\obj\tm_stm32f4_delay.o
                0x08001ea8                TM_DELAY_Init
 .text.UART4_IRQHandler
                0x08001ef8       0x84 ..\obj\uart_line.o
                0x08001ef8                UART4_IRQHandler
 .text.GPIO_Init
                0x08001f7c      0x11a ..\obj\stm32f4xx_gpio.o
                0x08001f7c                GPIO_Init
 .text.GPIO_ReadInputDataBit
                0x08002096       0x32 ..\obj\stm32f4xx_gpio.o
                0x08002096                GPIO_ReadInputDataBit
 .text.GPIO_SetBits
                0x080020c8       0x1c ..\obj\stm32f4xx_gpio.o
                0x080020c8                GPIO_SetBits
 .text.GPIO_ResetBits
                0x080020e4       0x1c ..\obj\stm32f4xx_gpio.o
                0x080020e4                GPIO_ResetBits
 .text.GPIO_PinAFConfig
                0x08002100       0x90 ..\obj\stm32f4xx_gpio.o
                0x08002100                GPIO_PinAFConfig
 .text.init_handle
                0x08002190       0x3c ..\obj\mekanisme_penendang.o
                0x08002190                init_handle
 .text.init_penendang
                0x080021cc       0x64 ..\obj\mekanisme_penendang.o
                0x080021cc                init_penendang
 .text.handleRotateIn
                0x08002230       0x30 ..\obj\mekanisme_penendang.o
                0x08002230                handleRotateIn
 .text.handleOff
                0x08002260       0x30 ..\obj\mekanisme_penendang.o
                0x08002260                handleOff
 .text.lcd_init
                0x08002290       0x3c ..\obj\lcd_16x2.o
                0x08002290                lcd_init
 .text.lcd_clear
                0x080022cc       0x16 ..\obj\lcd_16x2.o
                0x080022cc                lcd_clear
 .text.lcd_putsf
                0x080022e2       0x3e ..\obj\lcd_16x2.o
                0x080022e2                lcd_putsf
 .text.P_LCD_2x16_InitIO
                0x08002320       0xa8 ..\obj\lcd_16x2.o
                0x08002320                P_LCD_2x16_InitIO
 .text.P_LCD_2x16_PinLo
                0x080023c8       0x40 ..\obj\lcd_16x2.o
                0x080023c8                P_LCD_2x16_PinLo
 .text.P_LCD_2x16_PinHi
                0x08002408       0x40 ..\obj\lcd_16x2.o
                0x08002408                P_LCD_2x16_PinHi
 .text.P_LCD_2x16_Clk
                0x08002448       0x24 ..\obj\lcd_16x2.o
                0x08002448                P_LCD_2x16_Clk
 .text.P_LCD_2x16_InitSequenz
                0x0800246c       0x68 ..\obj\lcd_16x2.o
                0x0800246c                P_LCD_2x16_InitSequenz
 .text.P_LCD_2x16_Cmd
                0x080024d4       0xde ..\obj\lcd_16x2.o
                0x080024d4                P_LCD_2x16_Cmd
 .text.P_LCD_2x16_Data
                0x080025b2       0xde ..\obj\lcd_16x2.o
                0x080025b2                P_LCD_2x16_Data
 .text.lcd_gotoxy
                0x08002690       0x4a ..\obj\lcd_16x2.o
                0x08002690                lcd_gotoxy
 .text.P_LCD_2x16_Delay
                0x080026da       0x1e ..\obj\lcd_16x2.o
                0x080026da                P_LCD_2x16_Delay
 .text.init_menu
                0x080026f8       0x3c ..\obj\lcd_16x2.o
                0x080026f8                init_menu
 .text.printMenu
                0x08002734       0x98 ..\obj\lcd_16x2.o
                0x08002734                printMenu
 .text.SystemInit
                0x080027cc       0x5c ..\obj\system_stm32f4xx.o
                0x080027cc                SystemInit
 .text.SetSysClock
                0x08002828       0xf4 ..\obj\system_stm32f4xx.o
 .text.init_camera
                0x0800291c       0xb8 ..\obj\uart_camera.o
                0x0800291c                init_camera
 .text.USART3_IRQHandler
                0x080029d4       0xe4 ..\obj\uart_camera.o
                0x080029d4                USART3_IRQHandler
 .text.InitializeTimer
                0x08002ab8       0x4e ..\obj\speed_control.o
                0x08002ab8                InitializeTimer
 .text.EnableTimerInterrupt
                0x08002b06       0x26 ..\obj\speed_control.o
                0x08002b06                EnableTimerInterrupt
 *fill*         0x08002b2c        0x4 
 .text.TIM2_IRQHandler
                0x08002b30      0x710 ..\obj\speed_control.o
                0x08002b30                TIM2_IRQHandler
 .text.init_speed_control
                0x08003240       0x4c ..\obj\speed_control.o
                0x08003240                init_speed_control
 .text.EXTI_Init
                0x0800328c       0xe4 ..\obj\stm32f4xx_exti.o
                0x0800328c                EXTI_Init
 .text.EXTI_GetITStatus
                0x08003370       0x48 ..\obj\stm32f4xx_exti.o
                0x08003370                EXTI_GetITStatus
 .text.EXTI_ClearITPendingBit
                0x080033b8       0x1c ..\obj\stm32f4xx_exti.o
                0x080033b8                EXTI_ClearITPendingBit
 .text.NVIC_Init
                0x080033d4       0xc4 ..\obj\misc.o
                0x080033d4                NVIC_Init
 .text.printData
                0x08003498       0x94 ..\obj\localization.o
                0x08003498                printData
 .text.getCoor  0x0800352c       0xfc ..\obj\localization.o
                0x0800352c                getCoor
 .text.LCD_InitializeTimer
                0x08003628       0x50 ..\obj\localization.o
                0x08003628                LCD_InitializeTimer
 .text.LCD_EnableTimerInterrupt
                0x08003678       0x26 ..\obj\localization.o
                0x08003678                LCD_EnableTimerInterrupt
 *fill*         0x0800369e        0x2 
 .text.TIM5_IRQHandler
                0x080036a0       0x38 ..\obj\localization.o
                0x080036a0                TIM5_IRQHandler
 .text.init_lcdTimer
                0x080036d8       0x10 ..\obj\localization.o
                0x080036d8                init_lcdTimer
 .text.TIM_TimeBaseInit
                0x080036e8       0xd4 ..\obj\stm32f4xx_tim.o
                0x080036e8                TIM_TimeBaseInit
 .text.TIM_Cmd  0x080037bc       0x3e ..\obj\stm32f4xx_tim.o
                0x080037bc                TIM_Cmd
 *fill*         0x080037fa        0x2 
 .text.TIM_OC1Init
                0x080037fc       0xf4 ..\obj\stm32f4xx_tim.o
                0x080037fc                TIM_OC1Init
 .text.TIM_OC2Init
                0x080038f0      0x110 ..\obj\stm32f4xx_tim.o
                0x080038f0                TIM_OC2Init
 .text.TIM_OC3Init
                0x08003a00      0x10c ..\obj\stm32f4xx_tim.o
                0x08003a00                TIM_OC3Init
 .text.TIM_OC4Init
                0x08003b0c       0xcc ..\obj\stm32f4xx_tim.o
                0x08003b0c                TIM_OC4Init
 .text.TIM_OC1PreloadConfig
                0x08003bd8       0x36 ..\obj\stm32f4xx_tim.o
                0x08003bd8                TIM_OC1PreloadConfig
 .text.TIM_OC2PreloadConfig
                0x08003c0e       0x3a ..\obj\stm32f4xx_tim.o
                0x08003c0e                TIM_OC2PreloadConfig
 .text.TIM_OC3PreloadConfig
                0x08003c48       0x36 ..\obj\stm32f4xx_tim.o
                0x08003c48                TIM_OC3PreloadConfig
 .text.TIM_OC4PreloadConfig
                0x08003c7e       0x3a ..\obj\stm32f4xx_tim.o
                0x08003c7e                TIM_OC4PreloadConfig
 .text.TIM_ITConfig
                0x08003cb8       0x46 ..\obj\stm32f4xx_tim.o
                0x08003cb8                TIM_ITConfig
 .text.TIM_GetITStatus
                0x08003cfe       0x52 ..\obj\stm32f4xx_tim.o
                0x08003cfe                TIM_GetITStatus
 .text.TIM_ClearITPendingBit
                0x08003d50       0x20 ..\obj\stm32f4xx_tim.o
                0x08003d50                TIM_ClearITPendingBit
 .text.cos      0x08003d70       0x94 c:/program files (x86)/gnu tools arm embedded/6 2017-q2-update/bin/../lib/gcc/arm-none-eabi/6.3.1/../../../../arm-none-eabi/lib/thumb/v7e-m\libm.a(lib_a-s_cos.o)
                0x08003d70                cos
 .text.fabs     0x08003e04        0x8 c:/program files (x86)/gnu tools arm embedded/6 2017-q2-update/bin/../lib/gcc/arm-none-eabi/6.3.1/../../../../arm-none-eabi/lib/thumb/v7e-m\libm.a(lib_a-s_fabs.o)
                0x08003e04                fabs
 .text.sin      0x08003e0c       0x88 c:/program files (x86)/gnu tools arm embedded/6 2017-q2-update/bin/../lib/gcc/arm-none-eabi/6.3.1/../../../../arm-none-eabi/lib/thumb/v7e-m\libm.a(lib_a-s_sin.o)
                0x08003e0c                sin
 *fill*         0x08003e94        0x4 
 .text.__ieee754_rem_pio2
                0x08003e98      0x444 c:/program files (x86)/gnu tools arm embedded/6 2017-q2-update/bin/../lib/gcc/arm-none-eabi/6.3.1/../../../../arm-none-eabi/lib/thumb/v7e-m\libm.a(lib_a-e_rem_pio2.o)
                0x08003e98                __ieee754_rem_pio2
 *fill*         0x080042dc        0x4 
 .text.__kernel_cos
                0x080042e0      0x248 c:/program files (x86)/gnu tools arm embedded/6 2017-q2-update/bin/../lib/gcc/arm-none-eabi/6.3.1/../../../../arm-none-eabi/lib/thumb/v7e-m\libm.a(lib_a-k_cos.o)
                0x080042e0                __kernel_cos
 .text.__kernel_rem_pio2
                0x08004528      0x88c c:/program files (x86)/gnu tools arm embedded/6 2017-q2-update/bin/../lib/gcc/arm-none-eabi/6.3.1/../../../../arm-none-eabi/lib/thumb/v7e-m\libm.a(lib_a-k_rem_pio2.o)
                0x08004528                __kernel_rem_pio2
 *fill*         0x08004db4        0x4 
 .text.__kernel_sin
                0x08004db8      0x16c c:/program files (x86)/gnu tools arm embedded/6 2017-q2-update/bin/../lib/gcc/arm-none-eabi/6.3.1/../../../../arm-none-eabi/lib/thumb/v7e-m\libm.a(lib_a-k_sin.o)
                0x08004db8                __kernel_sin
 *fill*         0x08004f24        0x4 
 .text.floor    0x08004f28      0x118 c:/program files (x86)/gnu tools arm embedded/6 2017-q2-update/bin/../lib/gcc/arm-none-eabi/6.3.1/../../../../arm-none-eabi/lib/thumb/v7e-m\libm.a(lib_a-s_floor.o)
                0x08004f28                floor
 .text.scalbn   0x08005040       0xfc c:/program files (x86)/gnu tools arm embedded/6 2017-q2-update/bin/../lib/gcc/arm-none-eabi/6.3.1/../../../../arm-none-eabi/lib/thumb/v7e-m\libm.a(lib_a-s_scalbn.o)
                0x08005040                scalbn
 .text.copysign
                0x0800513c       0x10 c:/program files (x86)/gnu tools arm embedded/6 2017-q2-update/bin/../lib/gcc/arm-none-eabi/6.3.1/../../../../arm-none-eabi/lib/thumb/v7e-m\libm.a(lib_a-s_copysign.o)
                0x0800513c                copysign
 .text          0x0800514c      0x370 c:/program files (x86)/gnu tools arm embedded/6 2017-q2-update/bin/../lib/gcc/arm-none-eabi/6.3.1/thumb/v7e-m\libgcc.a(_arm_addsubdf3.o)
                0x0800514c                __aeabi_drsub
                0x08005154                __aeabi_dsub
                0x08005154                __subdf3
                0x08005158                __aeabi_dadd
                0x08005158                __adddf3
                0x080053d0                __floatunsidf
                0x080053d0                __aeabi_ui2d
                0x080053f0                __floatsidf
                0x080053f0                __aeabi_i2d
                0x08005414                __aeabi_f2d
                0x08005414                __extendsfdf2
                0x08005450                __floatundidf
                0x08005450                __aeabi_ul2d
                0x08005460                __floatdidf
                0x08005460                __aeabi_l2d
 .text          0x080054bc      0x424 c:/program files (x86)/gnu tools arm embedded/6 2017-q2-update/bin/../lib/gcc/arm-none-eabi/6.3.1/thumb/v7e-m\libgcc.a(_arm_muldivdf3.o)
                0x080054bc                __aeabi_dmul
                0x080054bc                __muldf3
                0x08005710                __divdf3
                0x08005710                __aeabi_ddiv
 .text          0x080058e0      0x110 c:/program files (x86)/gnu tools arm embedded/6 2017-q2-update/bin/../lib/gcc/arm-none-eabi/6.3.1/thumb/v7e-m\libgcc.a(_arm_cmpdf2.o)
                0x080058e0                __gtdf2
                0x080058e0                __gedf2
                0x080058e8                __ltdf2
                0x080058e8                __ledf2
                0x080058f0                __nedf2
                0x080058f0                __eqdf2
                0x080058f0                __cmpdf2
                0x0800596c                __aeabi_cdrcmple
                0x0800597c                __aeabi_cdcmpeq
                0x0800597c                __aeabi_cdcmple
                0x0800598c                __aeabi_dcmpeq
                0x080059a0                __aeabi_dcmplt
                0x080059b4                __aeabi_dcmple
                0x080059c8                __aeabi_dcmpge
                0x080059dc                __aeabi_dcmpgt
 .text          0x080059f0       0x50 c:/program files (x86)/gnu tools arm embedded/6 2017-q2-update/bin/../lib/gcc/arm-none-eabi/6.3.1/thumb/v7e-m\libgcc.a(_arm_fixdfsi.o)
                0x080059f0                __aeabi_d2iz
                0x080059f0                __fixdfsi
 .text          0x08005a40       0xa0 c:/program files (x86)/gnu tools arm embedded/6 2017-q2-update/bin/../lib/gcc/arm-none-eabi/6.3.1/thumb/v7e-m\libgcc.a(_arm_truncdfsf2.o)
                0x08005a40                __truncdfsf2
                0x08005a40                __aeabi_d2f
 .text          0x08005ae0      0x21c c:/program files (x86)/gnu tools arm embedded/6 2017-q2-update/bin/../lib/gcc/arm-none-eabi/6.3.1/thumb/v7e-m\libgcc.a(_arm_addsubsf3.o)
                0x08005ae0                __aeabi_frsub
                0x08005ae8                __subsf3
                0x08005ae8                __aeabi_fsub
                0x08005aec                __aeabi_fadd
                0x08005aec                __addsf3
                0x08005c4c                __aeabi_ui2f
                0x08005c4c                __floatunsisf
                0x08005c54                __aeabi_i2f
                0x08005c54                __floatsisf
                0x08005c70                __aeabi_ul2f
                0x08005c70                __floatundisf
                0x08005c80                __aeabi_l2f
                0x08005c80                __floatdisf
 .text          0x08005cfc      0x2a0 c:/program files (x86)/gnu tools arm embedded/6 2017-q2-update/bin/../lib/gcc/arm-none-eabi/6.3.1/thumb/v7e-m\libgcc.a(_arm_muldivsf3.o)
                0x08005cfc                __mulsf3
                0x08005cfc                __aeabi_fmul
                0x08005e64                __aeabi_fdiv
                0x08005e64                __divsf3
 .text          0x08005f9c       0x4c c:/program files (x86)/gnu tools arm embedded/6 2017-q2-update/bin/../lib/gcc/arm-none-eabi/6.3.1/thumb/v7e-m\libgcc.a(_arm_fixsfsi.o)
                0x08005f9c                __aeabi_f2iz
                0x08005f9c                __fixsfsi
 *(.init)
 *(.fini)
 *crtbegin.o(.ctors)
 *crtbegin?.o(.ctors)
 *(EXCLUDE_FILE(*crtend.o *crtend?.o) .ctors)
 *(SORT(.ctors.*))
 *(.ctors)
 *crtbegin.o(.dtors)
 *crtbegin?.o(.dtors)
 *(EXCLUDE_FILE(*crtend.o *crtend?.o) .dtors)
 *(SORT(.dtors.*))
 *(.dtors)
 *(.rodata*)
 .rodata        0x08005fe8       0x35 ..\obj\lcd_16x2.o
 *fill*         0x0800601d        0x3 
 .rodata        0x08006020       0x1f ..\obj\localization.o
 *fill*         0x0800603f        0x1 
 .rodata.npio2_hw
                0x08006040       0x80 c:/program files (x86)/gnu tools arm embedded/6 2017-q2-update/bin/../lib/gcc/arm-none-eabi/6.3.1/../../../../arm-none-eabi/lib/thumb/v7e-m\libm.a(lib_a-e_rem_pio2.o)
 .rodata.two_over_pi
                0x080060c0      0x108 c:/program files (x86)/gnu tools arm embedded/6 2017-q2-update/bin/../lib/gcc/arm-none-eabi/6.3.1/../../../../arm-none-eabi/lib/thumb/v7e-m\libm.a(lib_a-e_rem_pio2.o)
 .rodata.PIo2   0x080061c8       0x40 c:/program files (x86)/gnu tools arm embedded/6 2017-q2-update/bin/../lib/gcc/arm-none-eabi/6.3.1/../../../../arm-none-eabi/lib/thumb/v7e-m\libm.a(lib_a-k_rem_pio2.o)
 .rodata.init_jk
                0x08006208       0x10 c:/program files (x86)/gnu tools arm embedded/6 2017-q2-update/bin/../lib/gcc/arm-none-eabi/6.3.1/../../../../arm-none-eabi/lib/thumb/v7e-m\libm.a(lib_a-k_rem_pio2.o)
 *(.eh_fram e*)

.glue_7         0x08006218        0x0
 .glue_7        0x08006218        0x0 linker stubs

.glue_7t        0x08006218        0x0
 .glue_7t       0x08006218        0x0 linker stubs

.vfp11_veneer   0x08006218        0x0
 .vfp11_veneer  0x08006218        0x0 linker stubs

.v4_bx          0x08006218        0x0
 .v4_bx         0x08006218        0x0 linker stubs

.iplt           0x08006218        0x0
 .iplt          0x08006218        0x0 ..\obj\uart_node.o

.rel.dyn        0x08006218        0x0
 .rel.iplt      0x08006218        0x0 ..\obj\uart_node.o

.ARM.extab
 *(.ARM.extab* .gnu.linkonce.armextab.*)
                0x08006218                __exidx_start = .

.ARM.exidx
 *(.ARM.exidx* .gnu.linkonce.armexidx.*)
                0x08006218                __exidx_end = .
                0x08006218                __etext = .
                0x08006218                _sidata = __etext

.data           0x20000000       0xa4 load address 0x08006218
                0x20000000                __data_start__ = .
                0x20000000                _sdata = __data_start__
 *(vtable)
 *(.data*)
 .data          0x20000000       0x10 ..\obj\stm32f4xx_rcc.o
 .data          0x20000010        0x7 ..\obj\tm_stm32f4_rotary_encoder.o
 *fill*         0x20000017        0x1 
 .data          0x20000018       0x78 ..\obj\lcd_16x2.o
                0x20000018                LCD_2X16
 .data          0x20000090       0x14 ..\obj\system_stm32f4xx.o
                0x20000090                SystemCoreClock
                0x20000094                AHBPrescTable
                0x200000a4                . = ALIGN (0x4)
                [!provide]                PROVIDE (__preinit_array_start, .)
 *(.preinit_array)
                [!provide]                PROVIDE (__preinit_array_end, .)
                0x200000a4                . = ALIGN (0x4)
                [!provide]                PROVIDE (__init_array_start, .)
 *(SORT(.init_array.*))
 *(.init_array)
                [!provide]                PROVIDE (__init_array_end, .)
                0x200000a4                . = ALIGN (0x4)
                [!provide]                PROVIDE (__fini_array_start, .)
 *(SORT(.fini_array.*))
 *(.fini_array)
                [!provide]                PROVIDE (__fini_array_end, .)
 *(.jcr*)
                0x200000a4                . = ALIGN (0x4)
                0x200000a4                __data_end__ = .
                0x200000a4                _edata = __data_end__

.igot.plt       0x200000a4        0x0 load address 0x080062bc
 .igot.plt      0x200000a4        0x0 ..\obj\uart_node.o

.bss            0x200000a4      0x1c8 load address 0x080062bc
                0x200000a4                . = ALIGN (0x4)
                0x200000a4                __bss_start__ = .
                0x200000a4                _sbss = __bss_start__
 *(.bss*)
 .bss           0x200000a4        0xd ..\obj\tm_stm32f4_delay.o
                0x200000b0                TM_DELAY_Initialized
 .bss           0x200000b1        0x3 ..\obj\uart_line.o
                0x200000b1                linekiri
                0x200000b2                linekanan
                0x200000b3                linedepan
 .bss           0x200000b4       0x1c ..\obj\lcd_16x2.o
                0x200000b4                menuKiri
                0x200000b8                menuBack
                0x200000bc                menuEnter
                0x200000c0                menuKanan
                0x200000c4                a
                0x200000c8                b
                0x200000cc                flagButton
 .bss           0x200000d0       0x7c ..\obj\speed_control.o
                0x200000dc                rotaryCount
                0x200000e0                lastCount
                0x200000e4                speed
                0x200000e8                output
                0x200000ec                setPointSatu
                0x200000f0                rpm
                0x200000f4                error
                0x200000f6                prevError
                0x200000f8                derivError
                0x200000fa                intError
                0x200000fc                outputDua
                0x20000100                setPointDua
                0x20000104                rpmDua
                0x20000108                errorDua
                0x2000010a                prevErrorDua
                0x2000010c                derivErrorDua
                0x2000010e                intErrorDua
                0x20000110                outputTiga
                0x20000114                setPointTiga
                0x20000118                rpmTiga
                0x2000011c                errorTiga
                0x2000011e                prevErrorTiga
                0x20000120                derivErrorTiga
                0x20000122                intErrorTiga
                0x20000124                outputEmpat
                0x20000128                setPointEmpat
                0x2000012c                rpmEmpat
                0x20000130                errorEmpat
                0x20000132                prevErrorEmpat
                0x20000134                derivErrorEmpat
                0x20000136                intErrorEmpat
                0x20000138                outputKicker
                0x2000013c                setPointKicker
                0x20000140                rpmKicker
                0x20000144                errorKicker
                0x20000146                prevErrorKicker
                0x20000148                derivErrorKicker
                0x2000014a                intErrorKicker
 *(COMMON)
 COMMON         0x2000014c        0x7 ..\obj\uart_node.o
                0x2000014c                compassDerajat
                0x2000014d                gameState
                0x2000014e                ballX
                0x2000014f                flagNode
                0x20000150                ballKeeper
                0x20000151                bufferNode
                0x20000152                ballY
 *fill*         0x20000153        0x1 
 COMMON         0x20000154       0x1c ..\obj\tm_stm32f4_rotary_encoder.o
                0x20000154                fifthCount
                0x20000158                sixthCount
                0x2000015c                fourthCount
                0x20000160                secondCount
                0x20000164                TM_INT_RE_Count
                0x20000168                thirdCount
                0x2000016c                kickerCount
 COMMON         0x20000170        0x1 ..\obj\uart_line.o
                0x20000170                flag
 *fill*         0x20000171        0x3 
 COMMON         0x20000174       0x10 ..\obj\lcd_16x2.o
                0x20000174                cetak
 COMMON         0x20000184        0x8 ..\obj\uart_camera.o
                0x20000184                ballYCoor
                0x20000185                ballXCoor
                0x20000186                ballFound
                0x20000188                compassHeading
 COMMON         0x2000018c       0x5c ..\obj\speed_control.o
                0x2000018c                data2
                0x20000198                data4
                0x200001a4                startHeading
                0x200001a5                prevStartHeading
                0x200001a8                data
                0x200001b4                data3
                0x200001c0                data5
                0x200001cc                data6
                0x200001d8                rata2
                0x200001dc                dataKicker
 COMMON         0x200001e8       0x84 ..\obj\localization.o
                0x200001e8                prevErrorBallMaju
                0x200001ec                counterDelay
                0x200001f0                lcd
                0x20000200                rpmKanan
                0x20000204                ballMaju
                0x20000208                errorBallMaju
                0x2000020c                mov
                0x20000210                movCompass
                0x20000214                derivErrorBall
                0x20000218                head
                0x2000021c                headGoal
                0x20000220                rpmKiri
                0x20000224                errorHead
                0x20000228                errorBall
                0x2000022c                movPrev
                0x20000230                movX
                0x20000234                intErrorHead
                0x20000238                prevErrorBall
                0x2000023c                derivErrorHead
                0x20000240                rotateCount
                0x20000244                ball
                0x20000248                headCount
                0x2000024c                intErrorBallMaju
                0x20000250                prevErrorHead
                0x20000254                derivErrorBallMaju
                0x20000258                strategyCount
                0x2000025c                intErrorBall
                0x20000260                prevCompass
                0x20000264                movY
                0x20000268                heading
                0x2000026c                . = ALIGN (0x4)
                0x2000026c                __bss_end__ = .
                0x2000026c                _ebss = __bss_end__

.heap           0x2000026c        0x0
                0x2000026c                __end__ = .
                0x2000026c                _end = __end__
                0x2000026c                end = __end__
 *(.heap*)
                0x2000026c                __HeapLimit = .

.co_stack       0x2000026c      0x804 load address 0x08006484
                0x20000270                . = ALIGN (0x8)
 *fill*         0x2000026c        0x4 
 *(.co_stack .co_stack.*)
 .co_stack      0x20000270      0x800 ..\obj\startup_stm32f4xx.o
                0x20000270                pulStack
                0x20020000                __StackTop = (ORIGIN (ram) + LENGTH (ram))
                0x2001f7fc                __StackLimit = (__StackTop - SIZEOF (.co_stack))
                [!provide]                PROVIDE (__stack, __StackTop)
                0x00000001                ASSERT ((__StackLimit >= __HeapLimit), region ram  overflowed with stack)
LOAD ..\obj\uart_node.o
LOAD ..\obj\stm32f4xx_syscfg.o
LOAD ..\obj\stm32f4xx_usart.o
LOAD ..\obj\tm_stm32f4_adc.o
LOAD ..\obj\startup_stm32f4xx.o
LOAD ..\obj\pwm_motor.o
LOAD ..\obj\main.o
LOAD ..\obj\stm32f4xx_rcc.o
LOAD ..\obj\tm_stm32f4_hcsr04.o
LOAD ..\obj\stm32f4xx_adc.o
LOAD ..\obj\printf.o
LOAD ..\obj\tm_stm32f4_rotary_encoder.o
LOAD ..\obj\tm_stm32f4_delay.o
LOAD ..\obj\uart_line.o
LOAD ..\obj\stm32f4xx_gpio.o
LOAD ..\obj\mekanisme_penendang.o
LOAD ..\obj\lcd_16x2.o
LOAD ..\obj\system_stm32f4xx.o
LOAD ..\obj\syscalls.o
LOAD ..\obj\uart_camera.o
LOAD ..\obj\stm32f4xx_i2c.o
LOAD ..\obj\speed_control.o
LOAD ..\obj\stm32f4xx_exti.o
LOAD ..\obj\misc.o
LOAD ..\obj\tm_stm32f4_gpio.o
LOAD ..\obj\localization.o
LOAD ..\obj\stm32f4xx_tim.o
LOAD c:/program files (x86)/gnu tools arm embedded/6 2017-q2-update/bin/../lib/gcc/arm-none-eabi/6.3.1/../../../../arm-none-eabi/lib/thumb/v7e-m\libm.a
START GROUP
LOAD c:/program files (x86)/gnu tools arm embedded/6 2017-q2-update/bin/../lib/gcc/arm-none-eabi/6.3.1/thumb/v7e-m\libgcc.a
LOAD c:/program files (x86)/gnu tools arm embedded/6 2017-q2-update/bin/../lib/gcc/arm-none-eabi/6.3.1/../../../../arm-none-eabi/lib/thumb/v7e-m\libg.a
LOAD c:/program files (x86)/gnu tools arm embedded/6 2017-q2-update/bin/../lib/gcc/arm-none-eabi/6.3.1/../../../../arm-none-eabi/lib/thumb/v7e-m\libc.a
END GROUP
OUTPUT(encoder.elf elf32-littlearm)

.debug_info     0x00000000     0xe678
 .debug_info    0x00000000      0xfeb ..\obj\uart_node.o
 .debug_info    0x00000feb      0x27f ..\obj\stm32f4xx_syscfg.o
 .debug_info    0x0000126a      0x9d1 ..\obj\stm32f4xx_usart.o
 .debug_info    0x00001c3b      0x10f ..\obj\startup_stm32f4xx.o
 .debug_info    0x00001d4a      0xf4a ..\obj\pwm_motor.o
 .debug_info    0x00002c94      0xb09 ..\obj\main.o
 .debug_info    0x0000379d      0xc6e ..\obj\stm32f4xx_rcc.o
 .debug_info    0x0000440b      0xe67 ..\obj\printf.o
 .debug_info    0x00005272      0xc65 ..\obj\tm_stm32f4_rotary_encoder.o
 .debug_info    0x00005ed7      0x7b8 ..\obj\tm_stm32f4_delay.o
 .debug_info    0x0000668f      0x700 ..\obj\uart_line.o
 .debug_info    0x00006d8f      0x621 ..\obj\stm32f4xx_gpio.o
 .debug_info    0x000073b0      0x3d2 ..\obj\mekanisme_penendang.o
 .debug_info    0x00007782      0x77f ..\obj\lcd_16x2.o
 .debug_info    0x00007f01      0x5cc ..\obj\system_stm32f4xx.o
 .debug_info    0x000084cd      0x722 ..\obj\uart_camera.o
 .debug_info    0x00008bef     0x156b ..\obj\speed_control.o
 .debug_info    0x0000a15a      0x362 ..\obj\stm32f4xx_exti.o
 .debug_info    0x0000a4bc      0x549 ..\obj\misc.o
 .debug_info    0x0000aa05     0x2003 ..\obj\localization.o
 .debug_info    0x0000ca08     0x1c70 ..\obj\stm32f4xx_tim.o

.debug_abbrev   0x00000000     0x2841
 .debug_abbrev  0x00000000      0x245 ..\obj\uart_node.o
 .debug_abbrev  0x00000245      0x144 ..\obj\stm32f4xx_syscfg.o
 .debug_abbrev  0x00000389      0x180 ..\obj\stm32f4xx_usart.o
 .debug_abbrev  0x00000509       0xbf ..\obj\startup_stm32f4xx.o
 .debug_abbrev  0x000005c8      0x295 ..\obj\pwm_motor.o
 .debug_abbrev  0x0000085d      0x286 ..\obj\main.o
 .debug_abbrev  0x00000ae3      0x1f6 ..\obj\stm32f4xx_rcc.o
 .debug_abbrev  0x00000cd9      0x28e ..\obj\printf.o
 .debug_abbrev  0x00000f67      0x1e4 ..\obj\tm_stm32f4_rotary_encoder.o
 .debug_abbrev  0x0000114b      0x1d8 ..\obj\tm_stm32f4_delay.o
 .debug_abbrev  0x00001323      0x157 ..\obj\uart_line.o
 .debug_abbrev  0x0000147a      0x1b6 ..\obj\stm32f4xx_gpio.o
 .debug_abbrev  0x00001630      0x17d ..\obj\mekanisme_penendang.o
 .debug_abbrev  0x000017ad      0x273 ..\obj\lcd_16x2.o
 .debug_abbrev  0x00001a20      0x156 ..\obj\system_stm32f4xx.o
 .debug_abbrev  0x00001b76      0x157 ..\obj\uart_camera.o
 .debug_abbrev  0x00001ccd      0x30a ..\obj\speed_control.o
 .debug_abbrev  0x00001fd7      0x1ba ..\obj\stm32f4xx_exti.o
 .debug_abbrev  0x00002191      0x170 ..\obj\misc.o
 .debug_abbrev  0x00002301      0x3a8 ..\obj\localization.o
 .debug_abbrev  0x000026a9      0x198 ..\obj\stm32f4xx_tim.o

.debug_aranges  0x00000000      0xce0
 .debug_aranges
                0x00000000       0x30 ..\obj\uart_node.o
 .debug_aranges
                0x00000030       0x48 ..\obj\stm32f4xx_syscfg.o
 .debug_aranges
                0x00000078      0x100 ..\obj\stm32f4xx_usart.o
 .debug_aranges
                0x00000178       0x28 ..\obj\startup_stm32f4xx.o
 .debug_aranges
                0x000001a0       0x58 ..\obj\pwm_motor.o
 .debug_aranges
                0x000001f8       0x48 ..\obj\main.o
 .debug_aranges
                0x00000240      0x178 ..\obj\stm32f4xx_rcc.o
 .debug_aranges
                0x000003b8       0xa0 ..\obj\printf.o
 .debug_aranges
                0x00000458       0xf0 ..\obj\tm_stm32f4_rotary_encoder.o
 .debug_aranges
                0x00000548       0x78 ..\obj\tm_stm32f4_delay.o
 .debug_aranges
                0x000005c0       0x28 ..\obj\uart_line.o
 .debug_aranges
                0x000005e8       0x88 ..\obj\stm32f4xx_gpio.o
 .debug_aranges
                0x00000670       0x68 ..\obj\mekanisme_penendang.o
 .debug_aranges
                0x000006d8       0x98 ..\obj\lcd_16x2.o
 .debug_aranges
                0x00000770       0x30 ..\obj\system_stm32f4xx.o
 .debug_aranges
                0x000007a0       0x28 ..\obj\uart_camera.o
 .debug_aranges
                0x000007c8       0xa0 ..\obj\speed_control.o
 .debug_aranges
                0x00000868       0x58 ..\obj\stm32f4xx_exti.o
 .debug_aranges
                0x000008c0       0x40 ..\obj\misc.o
 .debug_aranges
                0x00000900       0xe8 ..\obj\localization.o
 .debug_aranges
                0x000009e8      0x2f8 ..\obj\stm32f4xx_tim.o

.debug_ranges   0x00000000      0xbf0
 .debug_ranges  0x00000000       0x20 ..\obj\uart_node.o
 .debug_ranges  0x00000020       0x38 ..\obj\stm32f4xx_syscfg.o
 .debug_ranges  0x00000058       0xf0 ..\obj\stm32f4xx_usart.o
 .debug_ranges  0x00000148       0x18 ..\obj\startup_stm32f4xx.o
 .debug_ranges  0x00000160       0x48 ..\obj\pwm_motor.o
 .debug_ranges  0x000001a8       0x38 ..\obj\main.o
 .debug_ranges  0x000001e0      0x168 ..\obj\stm32f4xx_rcc.o
 .debug_ranges  0x00000348       0x90 ..\obj\printf.o
 .debug_ranges  0x000003d8       0xe0 ..\obj\tm_stm32f4_rotary_encoder.o
 .debug_ranges  0x000004b8       0x68 ..\obj\tm_stm32f4_delay.o
 .debug_ranges  0x00000520       0x18 ..\obj\uart_line.o
 .debug_ranges  0x00000538       0x78 ..\obj\stm32f4xx_gpio.o
 .debug_ranges  0x000005b0       0x58 ..\obj\mekanisme_penendang.o
 .debug_ranges  0x00000608       0xb8 ..\obj\lcd_16x2.o
 .debug_ranges  0x000006c0       0x20 ..\obj\system_stm32f4xx.o
 .debug_ranges  0x000006e0       0x18 ..\obj\uart_camera.o
 .debug_ranges  0x000006f8       0x90 ..\obj\speed_control.o
 .debug_ranges  0x00000788       0x48 ..\obj\stm32f4xx_exti.o
 .debug_ranges  0x000007d0       0x30 ..\obj\misc.o
 .debug_ranges  0x00000800      0x108 ..\obj\localization.o
 .debug_ranges  0x00000908      0x2e8 ..\obj\stm32f4xx_tim.o

.debug_line     0x00000000     0x753a
 .debug_line    0x00000000      0x52d ..\obj\uart_node.o
 .debug_line    0x0000052d      0x373 ..\obj\stm32f4xx_syscfg.o
 .debug_line    0x000008a0      0x683 ..\obj\stm32f4xx_usart.o
 .debug_line    0x00000f23      0x104 ..\obj\startup_stm32f4xx.o
 .debug_line    0x00001027      0x5c2 ..\obj\pwm_motor.o
 .debug_line    0x000015e9      0x49c ..\obj\main.o
 .debug_line    0x00001a85      0x76f ..\obj\stm32f4xx_rcc.o
 .debug_line    0x000021f4      0x3ea ..\obj\printf.o
 .debug_line    0x000025de      0x6eb ..\obj\tm_stm32f4_rotary_encoder.o
 .debug_line    0x00002cc9      0x424 ..\obj\tm_stm32f4_delay.o
 .debug_line    0x000030ed      0x406 ..\obj\uart_line.o
 .debug_line    0x000034f3      0x52a ..\obj\stm32f4xx_gpio.o
 .debug_line    0x00003a1d      0x48f ..\obj\mekanisme_penendang.o
 .debug_line    0x00003eac      0x676 ..\obj\lcd_16x2.o
 .debug_line    0x00004522      0x2e8 ..\obj\system_stm32f4xx.o
 .debug_line    0x0000480a      0x412 ..\obj\uart_camera.o
 .debug_line    0x00004c1c      0x6a5 ..\obj\speed_control.o
 .debug_line    0x000052c1      0x46b ..\obj\stm32f4xx_exti.o
 .debug_line    0x0000572c      0x408 ..\obj\misc.o
 .debug_line    0x00005b34      0xd7b ..\obj\localization.o
 .debug_line    0x000068af      0xc8b ..\obj\stm32f4xx_tim.o

.debug_str      0x00000000     0x4638
 .debug_str     0x00000000      0xe94 ..\obj\uart_node.o
                                0xf1a (size before relaxing)
 .debug_str     0x00000e94      0x1d8 ..\obj\stm32f4xx_syscfg.o
                                0x366 (size before relaxing)
 .debug_str     0x0000106c      0x46c ..\obj\stm32f4xx_usart.o
                                0x701 (size before relaxing)
 .debug_str     0x000014d8      0x124 ..\obj\startup_stm32f4xx.o
                                0x1bb (size before relaxing)
 .debug_str     0x000015fc      0x366 ..\obj\pwm_motor.o
                                0xb11 (size before relaxing)
 .debug_str     0x00001962      0x1bf ..\obj\main.o
                                0x83d (size before relaxing)
 .debug_str     0x00001b21      0x645 ..\obj\stm32f4xx_rcc.o
                                0x8c2 (size before relaxing)
 .debug_str     0x00002166      0x175 ..\obj\printf.o
                                0x74b (size before relaxing)
 .debug_str     0x000022db      0x3ea ..\obj\tm_stm32f4_rotary_encoder.o
                                0xc8e (size before relaxing)
 .debug_str     0x000026c5      0x224 ..\obj\tm_stm32f4_delay.o
                                0x8e5 (size before relaxing)
 .debug_str     0x000028e9       0xda ..\obj\uart_line.o
                                0xa6e (size before relaxing)
 .debug_str     0x000029c3      0x1ef ..\obj\stm32f4xx_gpio.o
                                0x515 (size before relaxing)
 .debug_str     0x00002bb2      0x10d ..\obj\mekanisme_penendang.o
                                0x46d (size before relaxing)
 .debug_str     0x00002cbf      0x278 ..\obj\lcd_16x2.o
                                0x67d (size before relaxing)
 .debug_str     0x00002f37      0x116 ..\obj\system_stm32f4xx.o
                                0x40c (size before relaxing)
 .debug_str     0x0000304d       0xe3 ..\obj\uart_camera.o
                                0xa92 (size before relaxing)
 .debug_str     0x00003130      0x3aa ..\obj\speed_control.o
                               0x11f7 (size before relaxing)
 .debug_str     0x000034da      0x15f ..\obj\stm32f4xx_exti.o
                                0x3cb (size before relaxing)
 .debug_str     0x00003639      0x165 ..\obj\misc.o
                                0x440 (size before relaxing)
 .debug_str     0x0000379e      0x43a ..\obj\localization.o
                               0x1576 (size before relaxing)
 .debug_str     0x00003bd8      0xa60 ..\obj\stm32f4xx_tim.o
                                0xe42 (size before relaxing)

.comment        0x00000000       0x7f
 .comment       0x00000000       0x7f ..\obj\uart_node.o
                                 0x80 (size before relaxing)
 .comment       0x0000007f       0x80 ..\obj\stm32f4xx_syscfg.o
 .comment       0x0000007f       0x80 ..\obj\stm32f4xx_usart.o
 .comment       0x0000007f       0x80 ..\obj\startup_stm32f4xx.o
 .comment       0x0000007f       0x80 ..\obj\pwm_motor.o
 .comment       0x0000007f       0x80 ..\obj\main.o
 .comment       0x0000007f       0x80 ..\obj\stm32f4xx_rcc.o
 .comment       0x0000007f       0x80 ..\obj\printf.o
 .comment       0x0000007f       0x80 ..\obj\tm_stm32f4_rotary_encoder.o
 .comment       0x0000007f       0x80 ..\obj\tm_stm32f4_delay.o
 .comment       0x0000007f       0x80 ..\obj\uart_line.o
 .comment       0x0000007f       0x80 ..\obj\stm32f4xx_gpio.o
 .comment       0x0000007f       0x80 ..\obj\mekanisme_penendang.o
 .comment       0x0000007f       0x80 ..\obj\lcd_16x2.o
 .comment       0x0000007f       0x80 ..\obj\system_stm32f4xx.o
 .comment       0x0000007f       0x80 ..\obj\uart_camera.o
 .comment       0x0000007f       0x80 ..\obj\speed_control.o
 .comment       0x0000007f       0x80 ..\obj\stm32f4xx_exti.o
 .comment       0x0000007f       0x80 ..\obj\misc.o
 .comment       0x0000007f       0x80 ..\obj\localization.o
 .comment       0x0000007f       0x80 ..\obj\stm32f4xx_tim.o

.ARM.attributes
                0x00000000       0x33
 .ARM.attributes
                0x00000000       0x33 ..\obj\uart_node.o
 .ARM.attributes
                0x00000033       0x33 ..\obj\stm32f4xx_syscfg.o
 .ARM.attributes
                0x00000066       0x33 ..\obj\stm32f4xx_usart.o
 .ARM.attributes
                0x00000099       0x33 ..\obj\startup_stm32f4xx.o
 .ARM.attributes
                0x000000cc       0x33 ..\obj\pwm_motor.o
 .ARM.attributes
                0x000000ff       0x33 ..\obj\main.o
 .ARM.attributes
                0x00000132       0x33 ..\obj\stm32f4xx_rcc.o
 .ARM.attributes
                0x00000165       0x33 ..\obj\printf.o
 .ARM.attributes
                0x00000198       0x33 ..\obj\tm_stm32f4_rotary_encoder.o
 .ARM.attributes
                0x000001cb       0x33 ..\obj\tm_stm32f4_delay.o
 .ARM.attributes
                0x000001fe       0x33 ..\obj\uart_line.o
 .ARM.attributes
                0x00000231       0x33 ..\obj\stm32f4xx_gpio.o
 .ARM.attributes
                0x00000264       0x33 ..\obj\mekanisme_penendang.o
 .ARM.attributes
                0x00000297       0x33 ..\obj\lcd_16x2.o
 .ARM.attributes
                0x000002ca       0x33 ..\obj\system_stm32f4xx.o
 .ARM.attributes
                0x000002fd       0x33 ..\obj\uart_camera.o
 .ARM.attributes
                0x00000330       0x33 ..\obj\speed_control.o
 .ARM.attributes
                0x00000363       0x33 ..\obj\stm32f4xx_exti.o
 .ARM.attributes
                0x00000396       0x33 ..\obj\misc.o
 .ARM.attributes
                0x000003c9       0x33 ..\obj\localization.o
 .ARM.attributes
                0x000003fc       0x33 ..\obj\stm32f4xx_tim.o
 .ARM.attributes
                0x0000042f       0x2e c:/program files (x86)/gnu tools arm embedded/6 2017-q2-update/bin/../lib/gcc/arm-none-eabi/6.3.1/../../../../arm-none-eabi/lib/thumb/v7e-m\libm.a(lib_a-s_cos.o)
 .ARM.attributes
                0x0000045d       0x2e c:/program files (x86)/gnu tools arm embedded/6 2017-q2-update/bin/../lib/gcc/arm-none-eabi/6.3.1/../../../../arm-none-eabi/lib/thumb/v7e-m\libm.a(lib_a-s_fabs.o)
 .ARM.attributes
                0x0000048b       0x2e c:/program files (x86)/gnu tools arm embedded/6 2017-q2-update/bin/../lib/gcc/arm-none-eabi/6.3.1/../../../../arm-none-eabi/lib/thumb/v7e-m\libm.a(lib_a-s_sin.o)
 .ARM.attributes
                0x000004b9       0x2e c:/program files (x86)/gnu tools arm embedded/6 2017-q2-update/bin/../lib/gcc/arm-none-eabi/6.3.1/../../../../arm-none-eabi/lib/thumb/v7e-m\libm.a(lib_a-e_rem_pio2.o)
 .ARM.attributes
                0x000004e7       0x2e c:/program files (x86)/gnu tools arm embedded/6 2017-q2-update/bin/../lib/gcc/arm-none-eabi/6.3.1/../../../../arm-none-eabi/lib/thumb/v7e-m\libm.a(lib_a-k_cos.o)
 .ARM.attributes
                0x00000515       0x2e c:/program files (x86)/gnu tools arm embedded/6 2017-q2-update/bin/../lib/gcc/arm-none-eabi/6.3.1/../../../../arm-none-eabi/lib/thumb/v7e-m\libm.a(lib_a-k_rem_pio2.o)
 .ARM.attributes
                0x00000543       0x2e c:/program files (x86)/gnu tools arm embedded/6 2017-q2-update/bin/../lib/gcc/arm-none-eabi/6.3.1/../../../../arm-none-eabi/lib/thumb/v7e-m\libm.a(lib_a-k_sin.o)
 .ARM.attributes
                0x00000571       0x2e c:/program files (x86)/gnu tools arm embedded/6 2017-q2-update/bin/../lib/gcc/arm-none-eabi/6.3.1/../../../../arm-none-eabi/lib/thumb/v7e-m\libm.a(lib_a-s_floor.o)
 .ARM.attributes
                0x0000059f       0x2e c:/program files (x86)/gnu tools arm embedded/6 2017-q2-update/bin/../lib/gcc/arm-none-eabi/6.3.1/../../../../arm-none-eabi/lib/thumb/v7e-m\libm.a(lib_a-s_scalbn.o)
 .ARM.attributes
                0x000005cd       0x2e c:/program files (x86)/gnu tools arm embedded/6 2017-q2-update/bin/../lib/gcc/arm-none-eabi/6.3.1/../../../../arm-none-eabi/lib/thumb/v7e-m\libm.a(lib_a-s_copysign.o)
 .ARM.attributes
                0x000005fb       0x1e c:/program files (x86)/gnu tools arm embedded/6 2017-q2-update/bin/../lib/gcc/arm-none-eabi/6.3.1/thumb/v7e-m\libgcc.a(_arm_addsubdf3.o)
 .ARM.attributes
                0x00000619       0x1e c:/program files (x86)/gnu tools arm embedded/6 2017-q2-update/bin/../lib/gcc/arm-none-eabi/6.3.1/thumb/v7e-m\libgcc.a(_arm_muldivdf3.o)
 .ARM.attributes
                0x00000637       0x1e c:/program files (x86)/gnu tools arm embedded/6 2017-q2-update/bin/../lib/gcc/arm-none-eabi/6.3.1/thumb/v7e-m\libgcc.a(_arm_cmpdf2.o)
 .ARM.attributes
                0x00000655       0x1e c:/program files (x86)/gnu tools arm embedded/6 2017-q2-update/bin/../lib/gcc/arm-none-eabi/6.3.1/thumb/v7e-m\libgcc.a(_arm_fixdfsi.o)
 .ARM.attributes
                0x00000673       0x1e c:/program files (x86)/gnu tools arm embedded/6 2017-q2-update/bin/../lib/gcc/arm-none-eabi/6.3.1/thumb/v7e-m\libgcc.a(_arm_truncdfsf2.o)
 .ARM.attributes
                0x00000691       0x1e c:/program files (x86)/gnu tools arm embedded/6 2017-q2-update/bin/../lib/gcc/arm-none-eabi/6.3.1/thumb/v7e-m\libgcc.a(_arm_addsubsf3.o)
 .ARM.attributes
                0x000006af       0x1e c:/program files (x86)/gnu tools arm embedded/6 2017-q2-update/bin/../lib/gcc/arm-none-eabi/6.3.1/thumb/v7e-m\libgcc.a(_arm_muldivsf3.o)
 .ARM.attributes
                0x000006cd       0x1e c:/program files (x86)/gnu tools arm embedded/6 2017-q2-update/bin/../lib/gcc/arm-none-eabi/6.3.1/thumb/v7e-m\libgcc.a(_arm_fixsfsi.o)

.debug_frame    0x00000000     0x39ac
 .debug_frame   0x00000000       0x6c ..\obj\uart_node.o
 .debug_frame   0x0000006c       0xf4 ..\obj\stm32f4xx_syscfg.o
 .debug_frame   0x00000160      0x490 ..\obj\stm32f4xx_usart.o
 .debug_frame   0x000005f0       0x4c ..\obj\startup_stm32f4xx.o
 .debug_frame   0x0000063c      0x130 ..\obj\pwm_motor.o
 .debug_frame   0x0000076c       0xc0 ..\obj\main.o
 .debug_frame   0x0000082c      0x6d4 ..\obj\stm32f4xx_rcc.o
 .debug_frame   0x00000f00      0x2dc ..\obj\printf.o
 .debug_frame   0x000011dc      0x3c8 ..\obj\tm_stm32f4_rotary_encoder.o
 .debug_frame   0x000015a4      0x1b8 ..\obj\tm_stm32f4_delay.o
 .debug_frame   0x0000175c       0x58 ..\obj\uart_line.o
 .debug_frame   0x000017b4      0x23c ..\obj\stm32f4xx_gpio.o
 .debug_frame   0x000019f0      0x140 ..\obj\mekanisme_penendang.o
 .debug_frame   0x00001b30      0x230 ..\obj\lcd_16x2.o
 .debug_frame   0x00001d60       0x7c ..\obj\system_stm32f4xx.o
 .debug_frame   0x00001ddc       0x58 ..\obj\uart_camera.o
 .debug_frame   0x00001e34      0x274 ..\obj\speed_control.o
 .debug_frame   0x000020a8      0x148 ..\obj\stm32f4xx_exti.o
 .debug_frame   0x000021f0       0xd8 ..\obj\misc.o
 .debug_frame   0x000022c8      0x3a0 ..\obj\localization.o
 .debug_frame   0x00002668      0xe54 ..\obj\stm32f4xx_tim.o
 .debug_frame   0x000034bc       0x38 c:/program files (x86)/gnu tools arm embedded/6 2017-q2-update/bin/../lib/gcc/arm-none-eabi/6.3.1/../../../../arm-none-eabi/lib/thumb/v7e-m\libm.a(lib_a-s_cos.o)
 .debug_frame   0x000034f4       0x20 c:/program files (x86)/gnu tools arm embedded/6 2017-q2-update/bin/../lib/gcc/arm-none-eabi/6.3.1/../../../../arm-none-eabi/lib/thumb/v7e-m\libm.a(lib_a-s_fabs.o)
 .debug_frame   0x00003514       0x38 c:/program files (x86)/gnu tools arm embedded/6 2017-q2-update/bin/../lib/gcc/arm-none-eabi/6.3.1/../../../../arm-none-eabi/lib/thumb/v7e-m\libm.a(lib_a-s_sin.o)
 .debug_frame   0x0000354c       0x48 c:/program files (x86)/gnu tools arm embedded/6 2017-q2-update/bin/../lib/gcc/arm-none-eabi/6.3.1/../../../../arm-none-eabi/lib/thumb/v7e-m\libm.a(lib_a-e_rem_pio2.o)
 .debug_frame   0x00003594       0x4c c:/program files (x86)/gnu tools arm embedded/6 2017-q2-update/bin/../lib/gcc/arm-none-eabi/6.3.1/../../../../arm-none-eabi/lib/thumb/v7e-m\libm.a(lib_a-k_cos.o)
 .debug_frame   0x000035e0       0x50 c:/program files (x86)/gnu tools arm embedded/6 2017-q2-update/bin/../lib/gcc/arm-none-eabi/6.3.1/../../../../arm-none-eabi/lib/thumb/v7e-m\libm.a(lib_a-k_rem_pio2.o)
 .debug_frame   0x00003630       0x48 c:/program files (x86)/gnu tools arm embedded/6 2017-q2-update/bin/../lib/gcc/arm-none-eabi/6.3.1/../../../../arm-none-eabi/lib/thumb/v7e-m\libm.a(lib_a-k_sin.o)
 .debug_frame   0x00003678       0x34 c:/program files (x86)/gnu tools arm embedded/6 2017-q2-update/bin/../lib/gcc/arm-none-eabi/6.3.1/../../../../arm-none-eabi/lib/thumb/v7e-m\libm.a(lib_a-s_floor.o)
 .debug_frame   0x000036ac       0x30 c:/program files (x86)/gnu tools arm embedded/6 2017-q2-update/bin/../lib/gcc/arm-none-eabi/6.3.1/../../../../arm-none-eabi/lib/thumb/v7e-m\libm.a(lib_a-s_scalbn.o)
 .debug_frame   0x000036dc       0x20 c:/program files (x86)/gnu tools arm embedded/6 2017-q2-update/bin/../lib/gcc/arm-none-eabi/6.3.1/../../../../arm-none-eabi/lib/thumb/v7e-m\libm.a(lib_a-s_copysign.o)
 .debug_frame   0x000036fc       0xac c:/program files (x86)/gnu tools arm embedded/6 2017-q2-update/bin/../lib/gcc/arm-none-eabi/6.3.1/thumb/v7e-m\libgcc.a(_arm_addsubdf3.o)
 .debug_frame   0x000037a8       0x50 c:/program files (x86)/gnu tools arm embedded/6 2017-q2-update/bin/../lib/gcc/arm-none-eabi/6.3.1/thumb/v7e-m\libgcc.a(_arm_muldivdf3.o)
 .debug_frame   0x000037f8       0xc4 c:/program files (x86)/gnu tools arm embedded/6 2017-q2-update/bin/../lib/gcc/arm-none-eabi/6.3.1/thumb/v7e-m\libgcc.a(_arm_cmpdf2.o)
 .debug_frame   0x000038bc       0x24 c:/program files (x86)/gnu tools arm embedded/6 2017-q2-update/bin/../lib/gcc/arm-none-eabi/6.3.1/thumb/v7e-m\libgcc.a(_arm_fixdfsi.o)
 .debug_frame   0x000038e0       0x24 c:/program files (x86)/gnu tools arm embedded/6 2017-q2-update/bin/../lib/gcc/arm-none-eabi/6.3.1/thumb/v7e-m\libgcc.a(_arm_truncdfsf2.o)
 .debug_frame   0x00003904       0x4c c:/program files (x86)/gnu tools arm embedded/6 2017-q2-update/bin/../lib/gcc/arm-none-eabi/6.3.1/thumb/v7e-m\libgcc.a(_arm_addsubsf3.o)
 .debug_frame   0x00003950       0x38 c:/program files (x86)/gnu tools arm embedded/6 2017-q2-update/bin/../lib/gcc/arm-none-eabi/6.3.1/thumb/v7e-m\libgcc.a(_arm_muldivsf3.o)
 .debug_frame   0x00003988       0x24 c:/program files (x86)/gnu tools arm embedded/6 2017-q2-update/bin/../lib/gcc/arm-none-eabi/6.3.1/thumb/v7e-m\libgcc.a(_arm_fixsfsi.o)
